Archive member included to satisfy reference by file (symbol)

/usr/share/MRS2/MRS-linux-x64/resources/app/resources/linux/components/WCH/Toolchain/RISC-V Embedded GCC/bin/../lib/gcc/riscv-none-embed/8.2.0/rv32imac/ilp32/libgcc.a(save-restore.o)
                              ./Peripheral/src/ch32v10x_usb_host.o (__riscv_save_12)
/usr/share/MRS2/MRS-linux-x64/resources/app/resources/linux/components/WCH/Toolchain/RISC-V Embedded GCC/bin/../lib/gcc/riscv-none-embed/8.2.0/../../../../riscv-none-embed/lib/rv32imac/ilp32/libg_nano.a(lib_a-memset.o)
                              ./User/main.o (memset)
/usr/share/MRS2/MRS-linux-x64/resources/app/resources/linux/components/WCH/Toolchain/RISC-V Embedded GCC/bin/../lib/gcc/riscv-none-embed/8.2.0/../../../../riscv-none-embed/lib/rv32imac/ilp32/libg_nano.a(lib_a-printf.o)
                              ./User/main.o (printf)
/usr/share/MRS2/MRS-linux-x64/resources/app/resources/linux/components/WCH/Toolchain/RISC-V Embedded GCC/bin/../lib/gcc/riscv-none-embed/8.2.0/../../../../riscv-none-embed/lib/rv32imac/ilp32/libg_nano.a(lib_a-puts.o)
                              ./User/main.o (puts)
/usr/share/MRS2/MRS-linux-x64/resources/app/resources/linux/components/WCH/Toolchain/RISC-V Embedded GCC/bin/../lib/gcc/riscv-none-embed/8.2.0/../../../../riscv-none-embed/lib/rv32imac/ilp32/libg_nano.a(lib_a-wbuf.o)
                              /usr/share/MRS2/MRS-linux-x64/resources/app/resources/linux/components/WCH/Toolchain/RISC-V Embedded GCC/bin/../lib/gcc/riscv-none-embed/8.2.0/../../../../riscv-none-embed/lib/rv32imac/ilp32/libg_nano.a(lib_a-puts.o) (__swbuf_r)
/usr/share/MRS2/MRS-linux-x64/resources/app/resources/linux/components/WCH/Toolchain/RISC-V Embedded GCC/bin/../lib/gcc/riscv-none-embed/8.2.0/../../../../riscv-none-embed/lib/rv32imac/ilp32/libg_nano.a(lib_a-wsetup.o)
                              /usr/share/MRS2/MRS-linux-x64/resources/app/resources/linux/components/WCH/Toolchain/RISC-V Embedded GCC/bin/../lib/gcc/riscv-none-embed/8.2.0/../../../../riscv-none-embed/lib/rv32imac/ilp32/libg_nano.a(lib_a-puts.o) (__swsetup_r)
/usr/share/MRS2/MRS-linux-x64/resources/app/resources/linux/components/WCH/Toolchain/RISC-V Embedded GCC/bin/../lib/gcc/riscv-none-embed/8.2.0/../../../../riscv-none-embed/lib/rv32imac/ilp32/libg_nano.a(lib_a-fflush.o)
                              /usr/share/MRS2/MRS-linux-x64/resources/app/resources/linux/components/WCH/Toolchain/RISC-V Embedded GCC/bin/../lib/gcc/riscv-none-embed/8.2.0/../../../../riscv-none-embed/lib/rv32imac/ilp32/libg_nano.a(lib_a-wbuf.o) (_fflush_r)
/usr/share/MRS2/MRS-linux-x64/resources/app/resources/linux/components/WCH/Toolchain/RISC-V Embedded GCC/bin/../lib/gcc/riscv-none-embed/8.2.0/../../../../riscv-none-embed/lib/rv32imac/ilp32/libg_nano.a(lib_a-findfp.o)
                              /usr/share/MRS2/MRS-linux-x64/resources/app/resources/linux/components/WCH/Toolchain/RISC-V Embedded GCC/bin/../lib/gcc/riscv-none-embed/8.2.0/../../../../riscv-none-embed/lib/rv32imac/ilp32/libg_nano.a(lib_a-printf.o) (__sinit)
/usr/share/MRS2/MRS-linux-x64/resources/app/resources/linux/components/WCH/Toolchain/RISC-V Embedded GCC/bin/../lib/gcc/riscv-none-embed/8.2.0/../../../../riscv-none-embed/lib/rv32imac/ilp32/libg_nano.a(lib_a-fwalk.o)
                              /usr/share/MRS2/MRS-linux-x64/resources/app/resources/linux/components/WCH/Toolchain/RISC-V Embedded GCC/bin/../lib/gcc/riscv-none-embed/8.2.0/../../../../riscv-none-embed/lib/rv32imac/ilp32/libg_nano.a(lib_a-findfp.o) (_fwalk)
/usr/share/MRS2/MRS-linux-x64/resources/app/resources/linux/components/WCH/Toolchain/RISC-V Embedded GCC/bin/../lib/gcc/riscv-none-embed/8.2.0/../../../../riscv-none-embed/lib/rv32imac/ilp32/libg_nano.a(lib_a-impure.o)
                              /usr/share/MRS2/MRS-linux-x64/resources/app/resources/linux/components/WCH/Toolchain/RISC-V Embedded GCC/bin/../lib/gcc/riscv-none-embed/8.2.0/../../../../riscv-none-embed/lib/rv32imac/ilp32/libg_nano.a(lib_a-fflush.o) (_global_impure_ptr)
/usr/share/MRS2/MRS-linux-x64/resources/app/resources/linux/components/WCH/Toolchain/RISC-V Embedded GCC/bin/../lib/gcc/riscv-none-embed/8.2.0/../../../../riscv-none-embed/lib/rv32imac/ilp32/libg_nano.a(lib_a-makebuf.o)
                              /usr/share/MRS2/MRS-linux-x64/resources/app/resources/linux/components/WCH/Toolchain/RISC-V Embedded GCC/bin/../lib/gcc/riscv-none-embed/8.2.0/../../../../riscv-none-embed/lib/rv32imac/ilp32/libg_nano.a(lib_a-wsetup.o) (__smakebuf_r)
/usr/share/MRS2/MRS-linux-x64/resources/app/resources/linux/components/WCH/Toolchain/RISC-V Embedded GCC/bin/../lib/gcc/riscv-none-embed/8.2.0/../../../../riscv-none-embed/lib/rv32imac/ilp32/libg_nano.a(lib_a-nano-freer.o)
                              /usr/share/MRS2/MRS-linux-x64/resources/app/resources/linux/components/WCH/Toolchain/RISC-V Embedded GCC/bin/../lib/gcc/riscv-none-embed/8.2.0/../../../../riscv-none-embed/lib/rv32imac/ilp32/libg_nano.a(lib_a-wsetup.o) (_free_r)
[...]
Memory Configuration

Name             Origin             Length             Attributes
FLASH            0x0000000000000000 0x0000000000010000 xr
RAM              0x0000000020000000 0x0000000000005000 xrw
*default*        0x0000000000000000 0xffffffffffffffff

Linker script and memory map

LOAD ./User/ch32v10x_it.o
LOAD ./User/main.o
LOAD ./User/system_ch32v10x.o
LOAD ./Startup/startup_ch32v10x.o
LOAD ./Peripheral/src/ch32v10x_adc.o
LOAD ./Peripheral/src/ch32v10x_bkp.o
LOAD ./Peripheral/src/ch32v10x_crc.o
LOAD ./Peripheral/src/ch32v10x_dbgmcu.o
LOAD ./Peripheral/src/ch32v10x_dma.o
LOAD ./Peripheral/src/ch32v10x_exti.o
LOAD ./Peripheral/src/ch32v10x_flash.o
LOAD ./Peripheral/src/ch32v10x_gpio.o
LOAD ./Peripheral/src/ch32v10x_i2c.o
LOAD ./Peripheral/src/ch32v10x_iwdg.o
LOAD ./Peripheral/src/ch32v10x_misc.o
LOAD ./Peripheral/src/ch32v10x_pwr.o
LOAD ./Peripheral/src/ch32v10x_rcc.o
LOAD ./Peripheral/src/ch32v10x_rtc.o
LOAD ./Peripheral/src/ch32v10x_spi.o
LOAD ./Peripheral/src/ch32v10x_tim.o
LOAD ./Peripheral/src/ch32v10x_usart.o
LOAD ./Peripheral/src/ch32v10x_usb.o
LOAD ./Peripheral/src/ch32v10x_usb_host.o
LOAD ./Peripheral/src/ch32v10x_wwdg.o
LOAD ./Debug/debug.o
LOAD ./Core/core_riscv.o
LOAD /usr/share/MRS2/MRS-linux-x64/resources/app/resources/linux/components/WCH/Toolchain/RISC-V Embedded GCC/bin/../lib/gcc/riscv-none-embed/8.2.0/rv32imac/ilp32/libgcc.a
LOAD /usr/share/MRS2/MRS-linux-x64/resources/app/resources/linux/components/WCH/Toolchain/RISC-V Embedded GCC/bin/../lib/gcc/riscv-none-embed/8.2.0/../../../../riscv-none-embed/lib/rv32imac/ilp32/libg_nano.a
LOAD /usr/share/MRS2/MRS-linux-x64/resources/app/resources/linux/components/WCH/Toolchain/RISC-V Embedded GCC/bin/../lib/gcc/riscv-none-embed/8.2.0/../../../../riscv-none-embed/lib/rv32imac/ilp32/libc_nano.a
LOAD /usr/share/MRS2/MRS-linux-x64/resources/app/resources/linux/components/WCH/Toolchain/RISC-V Embedded GCC/bin/../lib/gcc/riscv-none-embed/8.2.0/rv32imac/ilp32/libgcc.a
START GROUP
LOAD /usr/share/MRS2/MRS-linux-x64/resources/app/resources/linux/components/WCH/Toolchain/RISC-V Embedded GCC/bin/../lib/gcc/riscv-none-embed/8.2.0/rv32imac/ilp32/libgcc.a
LOAD /usr/share/MRS2/MRS-linux-x64/resources/app/resources/linux/components/WCH/Toolchain/RISC-V Embedded GCC/bin/../lib/gcc/riscv-none-embed/8.2.0/../../../../riscv-none-embed/lib/rv32imac/ilp32/libc_nano.a
LOAD /usr/share/MRS2/MRS-linux-x64/resources/app/resources/linux/components/WCH/Toolchain/RISC-V Embedded GCC/bin/../lib/gcc/riscv-none-embed/8.2.0/../../../../riscv-none-embed/lib/rv32imac/ilp32/libnosys.a
END GROUP
START GROUP
LOAD /usr/share/MRS2/MRS-linux-x64/resources/app/resources/linux/components/WCH/Toolchain/RISC-V Embedded GCC/bin/../lib/gcc/riscv-none-embed/8.2.0/rv32imac/ilp32/libgcc.a
LOAD /usr/share/MRS2/MRS-linux-x64/resources/app/resources/linux/components/WCH/Toolchain/RISC-V Embedded GCC/bin/../lib/gcc/riscv-none-embed/8.2.0/../../../../riscv-none-embed/lib/rv32imac/ilp32/libc_nano.a
LOAD /usr/share/MRS2/MRS-linux-x64/resources/app/resources/linux/components/WCH/Toolchain/RISC-V Embedded GCC/bin/../lib/gcc/riscv-none-embed/8.2.0/../../../../riscv-none-embed/lib/rv32imac/ilp32/libnosys.a
END GROUP
                0x0000000000000800                __stack_size = 0x800
                [!provide]                        PROVIDE (_stack_size = __stack_size)

.init           0x0000000000000000       0x38
                0x0000000000000000                _sinit = .
                0x0000000000000000                . = ALIGN (0x4)
 *(SORT_NONE(.init))
 .init          0x0000000000000000       0x38 ./Startup/startup_ch32v10x.o
                0x0000000000000000                _start
                0x0000000000000038                . = ALIGN (0x4)
                0x0000000000000038                _einit = .

.vector         0x0000000000000038      0x108
 *(.vector)
 .vector        0x0000000000000038       0xf0 ./Startup/startup_ch32v10x.o
                0x0000000000000140                . = ALIGN (0x40)
 *fill*         0x0000000000000128       0x18 

.text           0x0000000000000140     0x203c
                0x0000000000000140                . = ALIGN (0x4)
 *(.text)
 .text          0x0000000000000140       0x60 /usr/share/MRS2/MRS-linux-x64/resources/app/resources/linux/components/WCH/Toolchain/RISC-V Embedded GCC/bin/../lib/gcc/riscv-none-embed/8.2.0/rv32imac/ilp32/libgcc.a(save-restore.o)
                0x0000000000000140                __riscv_save_12
                0x0000000000000148                __riscv_save_8
                0x0000000000000148                __riscv_save_11
                0x0000000000000148                __riscv_save_9
                0x0000000000000148                __riscv_save_10
                0x0000000000000156                __riscv_save_7
                0x0000000000000156                __riscv_save_4
                0x0000000000000156                __riscv_save_6
                0x0000000000000156                __riscv_save_5
                0x0000000000000170                __riscv_save_1
                0x0000000000000170                __riscv_save_3
                0x0000000000000170                __riscv_save_2
                0x0000000000000170                __riscv_save_0
                0x000000000000017c                __riscv_restore_12
                0x0000000000000180                __riscv_restore_10
                0x0000000000000180                __riscv_restore_11
                0x0000000000000180                __riscv_restore_8
                0x0000000000000180                __riscv_restore_9
                0x000000000000018a                __riscv_restore_5
                0x000000000000018a                __riscv_restore_6
                0x000000000000018a                __riscv_restore_4
                0x000000000000018a                __riscv_restore_7
                0x0000000000000194                __riscv_restore_3
                0x0000000000000194                __riscv_restore_2
                0x0000000000000194                __riscv_restore_0
                0x0000000000000194                __riscv_restore_1
 .text          0x00000000000001a0       0xa8 /usr/share/MRS2/MRS-linux-x64/resources/app/resources/linux/components/WCH/Toolchain/RISC-V Embedded GCC/bin/../lib/gcc/riscv-none-embed/8.2.0/../../../../riscv-none-embed/lib/rv32imac/ilp32/libg_nano.a(lib_a-memset.o)
                0x00000000000001a0                memset
 *(.text.*)
 .text.NMI_Handler
                0x0000000000000248        0x2 ./User/ch32v10x_it.o
                0x0000000000000248                NMI_Handler
 .text.HardFault_Handler
                0x000000000000024a       0x10 ./User/ch32v10x_it.o
                0x000000000000024a                HardFault_Handler
 .text.ADC_Function_Init
                0x000000000000025a       0xdc ./User/main.o
                0x000000000000025a                ADC_Function_Init
 .text.DMA_ADC_Init
                0x0000000000000336       0x66 ./User/main.o
                0x0000000000000336                DMA_ADC_Init
 .text.startup.main
                0x000000000000039c       0x92 ./User/main.o
                0x000000000000039c                main
 .text.SystemInit
                0x000000000000042e      0x106 ./User/system_ch32v10x.o
                0x000000000000042e                SystemInit
 .text.SystemCoreClockUpdate
                0x0000000000000534       0x8a ./User/system_ch32v10x.o
                0x0000000000000534                SystemCoreClockUpdate
 .text.vector_handler
                0x00000000000005be        0x2 ./Startup/startup_ch32v10x.o
                0x00000000000005be                EXTI2_IRQHandler
                0x00000000000005be                TIM1_CC_IRQHandler
                0x00000000000005be                SysTick_Handler
                0x00000000000005be                PVD_IRQHandler
                0x00000000000005be                EXTI3_IRQHandler
                0x00000000000005be                USBFS_IRQHandler
                0x00000000000005be                EXTI0_IRQHandler
                0x00000000000005be                I2C2_EV_IRQHandler
                0x00000000000005be                ADC1_2_IRQHandler
                0x00000000000005be                SPI1_IRQHandler
                0x00000000000005be                TAMPER_IRQHandler
                0x00000000000005be                DMA1_Channel4_IRQHandler
                0x00000000000005be                USART3_IRQHandler
                0x00000000000005be                RTC_IRQHandler
                0x00000000000005be                DMA1_Channel7_IRQHandler
                0x00000000000005be                TIM4_IRQHandler
                0x00000000000005be                I2C1_EV_IRQHandler
                0x00000000000005be                DMA1_Channel6_IRQHandler
                0x00000000000005be                TIM3_IRQHandler
                0x00000000000005be                RCC_IRQHandler
                0x00000000000005be                TIM1_TRG_COM_IRQHandler
                0x00000000000005be                DMA1_Channel1_IRQHandler
                0x00000000000005be                EXTI15_10_IRQHandler
                0x00000000000005be                EXTI9_5_IRQHandler
                0x00000000000005be                SPI2_IRQHandler
                0x00000000000005be                DMA1_Channel5_IRQHandler
                0x00000000000005be                EXTI4_IRQHandler
                0x00000000000005be                DMA1_Channel3_IRQHandler
                0x00000000000005be                TIM1_UP_IRQHandler
                0x00000000000005be                WWDG_IRQHandler
                0x00000000000005be                TIM2_IRQHandler
                0x00000000000005be                SW_Handler
                0x00000000000005be                TIM1_BRK_IRQHandler
                0x00000000000005be                EXTI1_IRQHandler
                0x00000000000005be                RTCAlarm_IRQHandler
                0x00000000000005be                USART2_IRQHandler
                0x00000000000005be                I2C2_ER_IRQHandler
                0x00000000000005be                DMA1_Channel2_IRQHandler
                0x00000000000005be                FLASH_IRQHandler
                0x00000000000005be                USART1_IRQHandler
                0x00000000000005be                I2C1_ER_IRQHandler
                0x00000000000005be                USBWakeUp_IRQHandler
 .text.handle_reset
                0x00000000000005c0       0x7a ./Startup/startup_ch32v10x.o
                0x00000000000005c0                handle_reset
 .text.ADC_DeInit
                0x000000000000063a       0x24 ./Peripheral/src/ch32v10x_adc.o
                0x000000000000063a                ADC_DeInit
 .text.ADC_Init
                0x000000000000065e       0x50 ./Peripheral/src/ch32v10x_adc.o
                0x000000000000065e                ADC_Init
 .text.ADC_Cmd  0x00000000000006ae       0x10 ./Peripheral/src/ch32v10x_adc.o
                0x00000000000006ae                ADC_Cmd
 .text.ADC_DMACmd
                0x00000000000006be       0x12 ./Peripheral/src/ch32v10x_adc.o
                0x00000000000006be                ADC_DMACmd
 .text.ADC_ResetCalibration
                0x00000000000006d0        0xa ./Peripheral/src/ch32v10x_adc.o
                0x00000000000006d0                ADC_ResetCalibration
 .text.ADC_GetResetCalibrationStatus
                0x00000000000006da        0x8 ./Peripheral/src/ch32v10x_adc.o
                0x00000000000006da                ADC_GetResetCalibrationStatus
 .text.ADC_StartCalibration
                0x00000000000006e2        0xa ./Peripheral/src/ch32v10x_adc.o
                0x00000000000006e2                ADC_StartCalibration
 .text.ADC_GetCalibrationStatus
                0x00000000000006ec        0x8 ./Peripheral/src/ch32v10x_adc.o
                0x00000000000006ec                ADC_GetCalibrationStatus
 .text.ADC_SoftwareStartConvCmd
                0x00000000000006f4       0x18 ./Peripheral/src/ch32v10x_adc.o
                0x00000000000006f4                ADC_SoftwareStartConvCmd
 .text.ADC_RegularChannelConfig
                0x000000000000070c       0xb8 ./Peripheral/src/ch32v10x_adc.o
                0x000000000000070c                ADC_RegularChannelConfig
 .text.Get_CalibrationValue
                0x00000000000007c4      0x166 ./Peripheral/src/ch32v10x_adc.o
                0x00000000000007c4                Get_CalibrationValue
 .text.DBGMCU_GetCHIPID
                0x000000000000092a        0xa ./Peripheral/src/ch32v10x_dbgmcu.o
                0x000000000000092a                DBGMCU_GetCHIPID
 .text.DMA_DeInit
                0x0000000000000934       0xfa ./Peripheral/src/ch32v10x_dma.o
                0x0000000000000934                DMA_DeInit
 .text.DMA_Init
                0x0000000000000a2e       0x38 ./Peripheral/src/ch32v10x_dma.o
                0x0000000000000a2e                DMA_Init
 .text.DMA_Cmd  0x0000000000000a66       0x14 ./Peripheral/src/ch32v10x_dma.o
                0x0000000000000a66                DMA_Cmd
 .text.GPIO_Init
                0x0000000000000a7a       0xc2 ./Peripheral/src/ch32v10x_gpio.o
                0x0000000000000a7a                GPIO_Init
 .text.RCC_ADCCLKConfig
                0x0000000000000b3c       0x12 ./Peripheral/src/ch32v10x_rcc.o
                0x0000000000000b3c                RCC_ADCCLKConfig
 .text.RCC_GetClocksFreq
                0x0000000000000b4e       0xbc ./Peripheral/src/ch32v10x_rcc.o
                0x0000000000000b4e                RCC_GetClocksFreq
 .text.RCC_AHBPeriphClockCmd
                0x0000000000000c0a       0x1e ./Peripheral/src/ch32v10x_rcc.o
                0x0000000000000c0a                RCC_AHBPeriphClockCmd
 .text.RCC_APB2PeriphClockCmd
                0x0000000000000c28       0x1e ./Peripheral/src/ch32v10x_rcc.o
                0x0000000000000c28                RCC_APB2PeriphClockCmd
 .text.RCC_APB2PeriphResetCmd
                0x0000000000000c46       0x1e ./Peripheral/src/ch32v10x_rcc.o
                0x0000000000000c46                RCC_APB2PeriphResetCmd
 .text.USART_Init
                0x0000000000000c64       0xa6 ./Peripheral/src/ch32v10x_usart.o
                0x0000000000000c64                USART_Init
 .text.USART_Cmd
                0x0000000000000d0a       0x1c ./Peripheral/src/ch32v10x_usart.o
                0x0000000000000d0a                USART_Cmd
 .text.USART_SendData
                0x0000000000000d26        0xa ./Peripheral/src/ch32v10x_usart.o
                0x0000000000000d26                USART_SendData
 .text.USART_GetFlagStatus
                0x0000000000000d30        0xc ./Peripheral/src/ch32v10x_usart.o
                0x0000000000000d30                USART_GetFlagStatus
 .text.Delay_Init
                0x0000000000000d3c       0x2a ./Debug/debug.o
                0x0000000000000d3c                Delay_Init
 .text.Delay_Ms
                0x0000000000000d66       0x30 ./Debug/debug.o
                0x0000000000000d66                Delay_Ms
 .text.USART_Printf_Init
                0x0000000000000d96       0x54 ./Debug/debug.o
                0x0000000000000d96                USART_Printf_Init
 .text._write   0x0000000000000dea       0x3a ./Debug/debug.o
                0x0000000000000dea                _write
 .text._sbrk    0x0000000000000e24       0x26 ./Debug/debug.o
                0x0000000000000e24                _sbrk
 .text.printf   0x0000000000000e4a       0x40 /usr/share/MRS2/MRS-linux-x64/resources/app/resources/linux/components/WCH/Toolchain/RISC-V Embedded GCC/bin/../lib/gcc/riscv-none-embed/8.2.0/../../../../riscv-none-embed/lib/rv32imac/ilp32/libg_nano.a(lib_a-printf.o)
                0x0000000000000e4a                printf
                0x0000000000000e4a                iprintf
 .text._puts_r  0x0000000000000e8a       0xda /usr/share/MRS2/MRS-linux-x64/resources/app/resources/linux/components/WCH/Toolchain/RISC-V Embedded GCC/bin/../lib/gcc/riscv-none-embed/8.2.0/../../../../riscv-none-embed/lib/rv32imac/ilp32/libg_nano.a(lib_a-puts.o)
                0x0000000000000e8a                _puts_r
 .text.puts     0x0000000000000f64        0xa /usr/share/MRS2/MRS-linux-x64/resources/app/resources/linux/components/WCH/Toolchain/RISC-V Embedded GCC/bin/../lib/gcc/riscv-none-embed/8.2.0/../../../../riscv-none-embed/lib/rv32imac/ilp32/libg_nano.a(lib_a-puts.o)
                0x0000000000000f64                puts
 .text.__swbuf_r
                0x0000000000000f6e       0xc0 /usr/share/MRS2/MRS-linux-x64/resources/app/resources/linux/components/WCH/Toolchain/RISC-V Embedded GCC/bin/../lib/gcc/riscv-none-embed/8.2.0/../../../../riscv-none-embed/lib/rv32imac/ilp32/libg_nano.a(lib_a-wbuf.o)
                0x0000000000000f6e                __swbuf_r
 .text.__swsetup_r
                0x000000000000102e      0x10c /usr/share/MRS2/MRS-linux-x64/resources/app/resources/linux/components/WCH/Toolchain/RISC-V Embedded GCC/bin/../lib/gcc/riscv-none-embed/8.2.0/../../../../riscv-none-embed/lib/rv32imac/ilp32/libg_nano.a(lib_a-wsetup.o)
                0x000000000000102e                __swsetup_r
 .text.__sflush_r
                0x000000000000113a      0x13c /usr/share/MRS2/MRS-linux-x64/resources/app/resources/linux/components/WCH/Toolchain/RISC-V Embedded GCC/bin/../lib/gcc/riscv-none-embed/8.2.0/../../../../riscv-none-embed/lib/rv32imac/ilp32/libg_nano.a(lib_a-fflush.o)
                0x000000000000113a                __sflush_r
 .text._fflush_r
                0x0000000000001276       0x64 /usr/share/MRS2/MRS-linux-x64/resources/app/resources/linux/components/WCH/Toolchain/RISC-V Embedded GCC/bin/../lib/gcc/riscv-none-embed/8.2.0/../../../../riscv-none-embed/lib/rv32imac/ilp32/libg_nano.a(lib_a-fflush.o)
                0x0000000000001276                _fflush_r
 .text.std      0x00000000000012da       0x6a /usr/share/MRS2/MRS-linux-x64/resources/app/resources/linux/components/WCH/Toolchain/RISC-V Embedded GCC/bin/../lib/gcc/riscv-none-embed/8.2.0/../../../../riscv-none-embed/lib/rv32imac/ilp32/libg_nano.a(lib_a-findfp.o)
 .text._cleanup_r
                0x0000000000001344        0xa /usr/share/MRS2/MRS-linux-x64/resources/app/resources/linux/components/WCH/Toolchain/RISC-V Embedded GCC/bin/../lib/gcc/riscv-none-embed/8.2.0/../../../../riscv-none-embed/lib/rv32imac/ilp32/libg_nano.a(lib_a-findfp.o)
                0x0000000000001344                _cleanup_r
 .text.__sfmoreglue
                0x000000000000134e       0x46 /usr/share/MRS2/MRS-linux-x64/resources/app/resources/linux/components/WCH/Toolchain/RISC-V Embedded GCC/bin/../lib/gcc/riscv-none-embed/8.2.0/../../../../riscv-none-embed/lib/rv32imac/ilp32/libg_nano.a(lib_a-findfp.o)
                0x000000000000134e                __sfmoreglue
 .text.__sinit  0x0000000000001394       0x66 /usr/share/MRS2/MRS-linux-x64/resources/app/resources/linux/components/WCH/Toolchain/RISC-V Embedded GCC/bin/../lib/gcc/riscv-none-embed/8.2.0/../../../../riscv-none-embed/lib/rv32imac/ilp32/libg_nano.a(lib_a-findfp.o)
                0x0000000000001394                __sinit
 .text.__sfp    0x00000000000013fa       0x9c /usr/share/MRS2/MRS-linux-x64/resources/app/resources/linux/components/WCH/Toolchain/RISC-V Embedded GCC/bin/../lib/gcc/riscv-none-embed/8.2.0/../../../../riscv-none-embed/lib/rv32imac/ilp32/libg_nano.a(lib_a-findfp.o)
                0x00000000000013fa                __sfp
 .text._fwalk_reent
                0x0000000000001496       0x6c /usr/share/MRS2/MRS-linux-x64/resources/app/resources/linux/components/WCH/Toolchain/RISC-V Embedded GCC/bin/../lib/gcc/riscv-none-embed/8.2.0/../../../../riscv-none-embed/lib/rv32imac/ilp32/libg_nano.a(lib_a-fwalk.o)
                0x0000000000001496                _fwalk_reent
 .text.__swhatbuf_r
                0x0000000000001502       0x5a /usr/share/MRS2/MRS-linux-x64/resources/app/resources/linux/components/WCH/Toolchain/RISC-V Embedded GCC/bin/../lib/gcc/riscv-none-embed/8.2.0/../../../../riscv-none-embed/lib/rv32imac/ilp32/libg_nano.a(lib_a-makebuf.o)
                0x0000000000001502                __swhatbuf_r
 .text.__smakebuf_r
                0x000000000000155c       0x9e /usr/share/MRS2/MRS-linux-x64/resources/app/resources/linux/components/WCH/Toolchain/RISC-V Embedded GCC/bin/../lib/gcc/riscv-none-embed/8.2.0/../../../../riscv-none-embed/lib/rv32imac/ilp32/libg_nano.a(lib_a-makebuf.o)
                0x000000000000155c                __smakebuf_r
 .text._free_r  0x00000000000015fa       0xa8 /usr/share/MRS2/MRS-linux-x64/resources/app/resources/linux/components/WCH/Toolchain/RISC-V Embedded GCC/bin/../lib/gcc/riscv-none-embed/8.2.0/../../../../riscv-none-embed/lib/rv32imac/ilp32/libg_nano.a(lib_a-nano-freer.o)
                0x00000000000015fa                _free_r
 .text._malloc_r
                0x00000000000016a2       0xd4 /usr/share/MRS2/MRS-linux-x64/resources/app/resources/linux/components/WCH/Toolchain/RISC-V Embedded GCC/bin/../lib/gcc/riscv-none-embed/8.2.0/../../../../riscv-none-embed/lib/rv32imac/ilp32/libg_nano.a(lib_a-nano-mallocr.o)
                0x00000000000016a2                _malloc_r
 .text.__sfputc_r
                0x0000000000001776       0x2a /usr/share/MRS2/MRS-linux-x64/resources/app/resources/linux/components/WCH/Toolchain/RISC-V Embedded GCC/bin/../lib/gcc/riscv-none-embed/8.2.0/../../../../riscv-none-embed/lib/rv32imac/ilp32/libg_nano.a(lib_a-nano-vfprintf.o)
 .text.__sfputs_r
                0x00000000000017a0       0x42 /usr/share/MRS2/MRS-linux-x64/resources/app/resources/linux/components/WCH/Toolchain/RISC-V Embedded GCC/bin/../lib/gcc/riscv-none-embed/8.2.0/../../../../riscv-none-embed/lib/rv32imac/ilp32/libg_nano.a(lib_a-nano-vfprintf.o)
                0x00000000000017a0                __sfputs_r
 .text._vfprintf_r
                0x00000000000017e2      0x298 /usr/share/MRS2/MRS-linux-x64/resources/app/resources/linux/components/WCH/Toolchain/RISC-V Embedded GCC/bin/../lib/gcc/riscv-none-embed/8.2.0/../../../../riscv-none-embed/lib/rv32imac/ilp32/libg_nano.a(lib_a-nano-vfprintf.o)
                0x00000000000017e2                _vfiprintf_r
                0x00000000000017e2                _vfprintf_r
 .text._printf_common
                0x0000000000001a7a      0x10c /usr/share/MRS2/MRS-linux-x64/resources/app/resources/linux/components/WCH/Toolchain/RISC-V Embedded GCC/bin/../lib/gcc/riscv-none-embed/8.2.0/../../../../riscv-none-embed/lib/rv32imac/ilp32/libg_nano.a(lib_a-nano-vfprintf_i.o)
                0x0000000000001a7a                _printf_common
 .text._printf_i
                0x0000000000001b86      0x2a8 /usr/share/MRS2/MRS-linux-x64/resources/app/resources/linux/components/WCH/Toolchain/RISC-V Embedded GCC/bin/../lib/gcc/riscv-none-embed/8.2.0/../../../../riscv-none-embed/lib/rv32imac/ilp32/libg_nano.a(lib_a-nano-vfprintf_i.o)
                0x0000000000001b86                _printf_i
 .text._sbrk_r  0x0000000000001e2e       0x2a /usr/share/MRS2/MRS-linux-x64/resources/app/resources/linux/components/WCH/Toolchain/RISC-V Embedded GCC/bin/../lib/gcc/riscv-none-embed/8.2.0/../../../../riscv-none-embed/lib/rv32imac/ilp32/libg_nano.a(lib_a-sbrkr.o)
                0x0000000000001e2e                _sbrk_r
 .text.__sread  0x0000000000001e58       0x30 /usr/share/MRS2/MRS-linux-x64/resources/app/resources/linux/components/WCH/Toolchain/RISC-V Embedded GCC/bin/../lib/gcc/riscv-none-embed/8.2.0/../../../../riscv-none-embed/lib/rv32imac/ilp32/libg_nano.a(lib_a-stdio.o)
                0x0000000000001e58                __sread
 .text.__swrite
                0x0000000000001e88       0x4e /usr/share/MRS2/MRS-linux-x64/resources/app/resources/linux/components/WCH/Toolchain/RISC-V Embedded GCC/bin/../lib/gcc/riscv-none-embed/8.2.0/../../../../riscv-none-embed/lib/rv32imac/ilp32/libg_nano.a(lib_a-stdio.o)
                0x0000000000001e88                __swrite
 .text.__sseek  0x0000000000001ed6       0x36 /usr/share/MRS2/MRS-linux-x64/resources/app/resources/linux/components/WCH/Toolchain/RISC-V Embedded GCC/bin/../lib/gcc/riscv-none-embed/8.2.0/../../../../riscv-none-embed/lib/rv32imac/ilp32/libg_nano.a(lib_a-stdio.o)
                0x0000000000001ed6                __sseek
 .text.__sclose
                0x0000000000001f0c        0x6 /usr/share/MRS2/MRS-linux-x64/resources/app/resources/linux/components/WCH/Toolchain/RISC-V Embedded GCC/bin/../lib/gcc/riscv-none-embed/8.2.0/../../../../riscv-none-embed/lib/rv32imac/ilp32/libg_nano.a(lib_a-stdio.o)
                0x0000000000001f0c                __sclose
 .text._write_r
                0x0000000000001f12       0x2e /usr/share/MRS2/MRS-linux-x64/resources/app/resources/linux/components/WCH/Toolchain/RISC-V Embedded GCC/bin/../lib/gcc/riscv-none-embed/8.2.0/../../../../riscv-none-embed/lib/rv32imac/ilp32/libg_nano.a(lib_a-writer.o)
                0x0000000000001f12                _write_r
 .text._close_r
                0x0000000000001f40       0x28 /usr/share/MRS2/MRS-linux-x64/resources/app/resources/linux/components/WCH/Toolchain/RISC-V Embedded GCC/bin/../lib/gcc/riscv-none-embed/8.2.0/../../../../riscv-none-embed/lib/rv32imac/ilp32/libg_nano.a(lib_a-closer.o)
                0x0000000000001f40                _close_r
 .text._fstat_r
                0x0000000000001f68       0x2a /usr/share/MRS2/MRS-linux-x64/resources/app/resources/linux/components/WCH/Toolchain/RISC-V Embedded GCC/bin/../lib/gcc/riscv-none-embed/8.2.0/../../../../riscv-none-embed/lib/rv32imac/ilp32/libg_nano.a(lib_a-fstatr.o)
                0x0000000000001f68                _fstat_r
 .text._isatty_r
                0x0000000000001f92       0x28 /usr/share/MRS2/MRS-linux-x64/resources/app/resources/linux/components/WCH/Toolchain/RISC-V Embedded GCC/bin/../lib/gcc/riscv-none-embed/8.2.0/../../../../riscv-none-embed/lib/rv32imac/ilp32/libg_nano.a(lib_a-isattyr.o)
                0x0000000000001f92                _isatty_r
 .text._lseek_r
                0x0000000000001fba       0x2c /usr/share/MRS2/MRS-linux-x64/resources/app/resources/linux/components/WCH/Toolchain/RISC-V Embedded GCC/bin/../lib/gcc/riscv-none-embed/8.2.0/../../../../riscv-none-embed/lib/rv32imac/ilp32/libg_nano.a(lib_a-lseekr.o)
                0x0000000000001fba                _lseek_r
 .text.memchr   0x0000000000001fe6       0x1a /usr/share/MRS2/MRS-linux-x64/resources/app/resources/linux/components/WCH/Toolchain/RISC-V Embedded GCC/bin/../lib/gcc/riscv-none-embed/8.2.0/../../../../riscv-none-embed/lib/rv32imac/ilp32/libg_nano.a(lib_a-memchr.o)
                0x0000000000001fe6                memchr
 .text.__malloc_lock
                0x0000000000002000        0x2 /usr/share/MRS2/MRS-linux-x64/resources/app/resources/linux/components/WCH/Toolchain/RISC-V Embedded GCC/bin/../lib/gcc/riscv-none-embed/8.2.0/../../../../riscv-none-embed/lib/rv32imac/ilp32/libg_nano.a(lib_a-mlock.o)
                0x0000000000002000                __malloc_lock
 .text.__malloc_unlock
                0x0000000000002002        0x2 /usr/share/MRS2/MRS-linux-x64/resources/app/resources/linux/components/WCH/Toolchain/RISC-V Embedded GCC/bin/../lib/gcc/riscv-none-embed/8.2.0/../../../../riscv-none-embed/lib/rv32imac/ilp32/libg_nano.a(lib_a-mlock.o)
                0x0000000000002002                __malloc_unlock
 .text._read_r  0x0000000000002004       0x2c /usr/share/MRS2/MRS-linux-x64/resources/app/resources/linux/components/WCH/Toolchain/RISC-V Embedded GCC/bin/../lib/gcc/riscv-none-embed/8.2.0/../../../../riscv-none-embed/lib/rv32imac/ilp32/libg_nano.a(lib_a-readr.o)
                0x0000000000002004                _read_r
 .text._close   0x0000000000002030        0xc /usr/share/MRS2/MRS-linux-x64/resources/app/resources/linux/components/WCH/Toolchain/RISC-V Embedded GCC/bin/../lib/gcc/riscv-none-embed/8.2.0/../../../../riscv-none-embed/lib/rv32imac/ilp32/libnosys.a(close.o)
                0x0000000000002030                _close
 .text._fstat   0x000000000000203c        0xc /usr/share/MRS2/MRS-linux-x64/resources/app/resources/linux/components/WCH/Toolchain/RISC-V Embedded GCC/bin/../lib/gcc/riscv-none-embed/8.2.0/../../../../riscv-none-embed/lib/rv32imac/ilp32/libnosys.a(fstat.o)
                0x000000000000203c                _fstat
 .text._isatty  0x0000000000002048        0xc /usr/share/MRS2/MRS-linux-x64/resources/app/resources/linux/components/WCH/Toolchain/RISC-V Embedded GCC/bin/../lib/gcc/riscv-none-embed/8.2.0/../../../../riscv-none-embed/lib/rv32imac/ilp32/libnosys.a(isatty.o)
                0x0000000000002048                _isatty
 .text._lseek   0x0000000000002054        0xc /usr/share/MRS2/MRS-linux-x64/resources/app/resources/linux/components/WCH/Toolchain/RISC-V Embedded GCC/bin/../lib/gcc/riscv-none-embed/8.2.0/../../../../riscv-none-embed/lib/rv32imac/ilp32/libnosys.a(lseek.o)
                0x0000000000002054                _lseek
 .text._read    0x0000000000002060        0xc /usr/share/MRS2/MRS-linux-x64/resources/app/resources/linux/components/WCH/Toolchain/RISC-V Embedded GCC/bin/../lib/gcc/riscv-none-embed/8.2.0/../../../../riscv-none-embed/lib/rv32imac/ilp32/libnosys.a(read.o)
                0x0000000000002060                _read
 *(.rodata)
 *(.rodata*)
 *fill*         0x000000000000206c        0x0 
 .rodata.main.str1.4
                0x000000000000206c       0x72 ./User/main.o
 *fill*         0x00000000000020de        0x2 
 .rodata.__sf_fake_stderr
                0x00000000000020e0       0x20 /usr/share/MRS2/MRS-linux-x64/resources/app/resources/linux/components/WCH/Toolchain/RISC-V Embedded GCC/bin/../lib/gcc/riscv-none-embed/8.2.0/../../../../riscv-none-embed/lib/rv32imac/ilp32/libg_nano.a(lib_a-findfp.o)
                0x00000000000020e0                __sf_fake_stderr
 .rodata.__sf_fake_stdin
                0x0000000000002100       0x20 /usr/share/MRS2/MRS-linux-x64/resources/app/resources/linux/components/WCH/Toolchain/RISC-V Embedded GCC/bin/../lib/gcc/riscv-none-embed/8.2.0/../../../../riscv-none-embed/lib/rv32imac/ilp32/libg_nano.a(lib_a-findfp.o)
                0x0000000000002100                __sf_fake_stdin
 .rodata.__sf_fake_stdout
                0x0000000000002120       0x20 /usr/share/MRS2/MRS-linux-x64/resources/app/resources/linux/components/WCH/Toolchain/RISC-V Embedded GCC/bin/../lib/gcc/riscv-none-embed/8.2.0/../../../../riscv-none-embed/lib/rv32imac/ilp32/libg_nano.a(lib_a-findfp.o)
                0x0000000000002120                __sf_fake_stdout
 .rodata._vfprintf_r.str1.4
                0x0000000000002140       0x13 /usr/share/MRS2/MRS-linux-x64/resources/app/resources/linux/components/WCH/Toolchain/RISC-V Embedded GCC/bin/../lib/gcc/riscv-none-embed/8.2.0/../../../../riscv-none-embed/lib/rv32imac/ilp32/libg_nano.a(lib_a-nano-vfprintf.o)
 *fill*         0x0000000000002153        0x1 
 .rodata._printf_i.str1.4
                0x0000000000002154       0x28 /usr/share/MRS2/MRS-linux-x64/resources/app/resources/linux/components/WCH/Toolchain/RISC-V Embedded GCC/bin/../lib/gcc/riscv-none-embed/8.2.0/../../../../riscv-none-embed/lib/rv32imac/ilp32/libg_nano.a(lib_a-nano-vfprintf_i.o)
                                         0x25 (size before relaxing)
 *(.gnu.linkonce.t.*)
                0x000000000000217c                . = ALIGN (0x4)

.rela.dyn       0x000000000000217c        0x0
 .rela.init     0x000000000000217c        0x0 ./User/ch32v10x_it.o
 .rela.vector   0x000000000000217c        0x0 ./User/ch32v10x_it.o
 .rela.text.handle_reset
                0x000000000000217c        0x0 ./User/ch32v10x_it.o
 .rela.text._sbrk
                0x000000000000217c        0x0 ./User/ch32v10x_it.o
 .rela.sdata.curbrk.4572
                0x000000000000217c        0x0 ./User/ch32v10x_it.o
 .rela.text._vfprintf_r
                0x000000000000217c        0x0 ./User/ch32v10x_it.o
 .rela.text._sbrk_r
                0x000000000000217c        0x0 ./User/ch32v10x_it.o
 .rela.text._write_r
                0x000000000000217c        0x0 ./User/ch32v10x_it.o
 .rela.text._close_r
                0x000000000000217c        0x0 ./User/ch32v10x_it.o
 .rela.text._fstat_r
                0x000000000000217c        0x0 ./User/ch32v10x_it.o
 .rela.text._isatty_r
                0x000000000000217c        0x0 ./User/ch32v10x_it.o
 .rela.text._lseek_r
                0x000000000000217c        0x0 ./User/ch32v10x_it.o
 .rela.text._read_r
                0x000000000000217c        0x0 ./User/ch32v10x_it.o
 .rela.text._close
                0x000000000000217c        0x0 ./User/ch32v10x_it.o
 .rela.text._fstat
                0x000000000000217c        0x0 ./User/ch32v10x_it.o
 .rela.text._isatty
                0x000000000000217c        0x0 ./User/ch32v10x_it.o
 .rela.text._lseek
                0x000000000000217c        0x0 ./User/ch32v10x_it.o
 .rela.text._read
                0x000000000000217c        0x0 ./User/ch32v10x_it.o

.fini           0x000000000000217c        0x0
 *(SORT_NONE(.fini))
                0x000000000000217c                . = ALIGN (0x4)
                [!provide]                        PROVIDE (_etext = .)
                [!provide]                        PROVIDE (_eitcm = .)

.preinit_array  0x000000000000217c        0x0
                [!provide]                        PROVIDE (__preinit_array_start = .)
 *(.preinit_array)
                [!provide]                        PROVIDE (__preinit_array_end = .)

.init_array     0x000000000000217c        0x0
                [!provide]                        PROVIDE (__init_array_start = .)
 *(SORT_BY_INIT_PRIORITY(.init_array.*) SORT_BY_INIT_PRIORITY(.ctors.*))
 *(.init_array EXCLUDE_FILE(*crtend?.o *crtend.o *crtbegin?.o *crtbegin.o) .ctors)
                [!provide]                        PROVIDE (__init_array_end = .)

.fini_array     0x000000000000217c        0x0
                [!provide]                        PROVIDE (__fini_array_start = .)
 *(SORT_BY_INIT_PRIORITY(.fini_array.*) SORT_BY_INIT_PRIORITY(.dtors.*))
 *(.fini_array EXCLUDE_FILE(*crtend?.o *crtend.o *crtbegin?.o *crtbegin.o) .dtors)
                [!provide]                        PROVIDE (__fini_array_end = .)

.ctors
 *crtbegin.o(.ctors)
 *crtbegin?.o(.ctors)
 *(EXCLUDE_FILE(*crtend?.o *crtend.o) .ctors)
 *(SORT_BY_NAME(.ctors.*))
 *(.ctors)

.dtors
 *crtbegin.o(.dtors)
 *crtbegin?.o(.dtors)
 *(EXCLUDE_FILE(*crtend?.o *crtend.o) .dtors)
 *(SORT_BY_NAME(.dtors.*))
 *(.dtors)

.dalign         0x0000000020000000        0x0 load address 0x000000000000217c
                0x0000000020000000                . = ALIGN (0x4)
                0x0000000020000000                PROVIDE (_data_vma = .)

.dlalign        0x000000000000217c        0x0
                0x000000000000217c                . = ALIGN (0x4)
                0x000000000000217c                PROVIDE (_data_lma = .)

.data           0x0000000020000000       0x98 load address 0x000000000000217c
 *(.gnu.linkonce.r.*)
 *(.data .data.*)
 .data.AHBPrescTable
                0x0000000020000000       0x10 ./User/system_ch32v10x.o
                0x0000000020000000                AHBPrescTable
 .data.APBAHBPrescTable
                0x0000000020000010       0x10 ./Peripheral/src/ch32v10x_rcc.o
 .data.impure_data
                0x0000000020000020       0x60 /usr/share/MRS2/MRS-linux-x64/resources/app/resources/linux/components/WCH/Toolchain/RISC-V Embedded GCC/bin/../lib/gcc/riscv-none-embed/8.2.0/../../../../riscv-none-embed/lib/rv32imac/ilp32/libg_nano.a(lib_a-impure.o)
 *(.gnu.linkonce.d.*)
                0x0000000020000080                . = ALIGN (0x8)
                0x0000000020000880                PROVIDE (__global_pointer$ = (. + 0x800))
 *(.sdata .sdata.*)
 .sdata.SystemCoreClock
                0x0000000020000080        0x4 ./User/system_ch32v10x.o
                0x0000000020000080                SystemCoreClock
 .sdata.ADCPrescTable
                0x0000000020000084        0x4 ./Peripheral/src/ch32v10x_rcc.o
 .sdata.curbrk.4572
                0x0000000020000088        0x4 ./Debug/debug.o
 .sdata._impure_ptr
                0x000000002000008c        0x4 /usr/share/MRS2/MRS-linux-x64/resources/app/resources/linux/components/WCH/Toolchain/RISC-V Embedded GCC/bin/../lib/gcc/riscv-none-embed/8.2.0/../../../../riscv-none-embed/lib/rv32imac/ilp32/libg_nano.a(lib_a-impure.o)
                0x000000002000008c                _impure_ptr
 *(.sdata2.*)
 .sdata2._global_impure_ptr
                0x0000000020000090        0x4 /usr/share/MRS2/MRS-linux-x64/resources/app/resources/linux/components/WCH/Toolchain/RISC-V Embedded GCC/bin/../lib/gcc/riscv-none-embed/8.2.0/../../../../riscv-none-embed/lib/rv32imac/ilp32/libg_nano.a(lib_a-impure.o)
                0x0000000020000090                _global_impure_ptr
 *(.gnu.linkonce.s.*)
                0x0000000020000098                . = ALIGN (0x8)
 *fill*         0x0000000020000094        0x4 
 *(.srodata.cst16)
 *(.srodata.cst8)
 *(.srodata.cst4)
 *(.srodata.cst2)
 *(.srodata .srodata.*)
                0x0000000020000098                . = ALIGN (0x4)
                0x0000000020000098                PROVIDE (_edata = .)

.bss            0x0000000020000098      0x814 load address 0x0000000000002214
                0x0000000020000098                . = ALIGN (0x4)
                0x0000000020000098                PROVIDE (_sbss = .)
 *(.sbss*)
 .sbss.Calibrattion_Val
                0x0000000020000098        0x2 ./User/main.o
                0x0000000020000098                Calibrattion_Val
 .sbss.p_ms     0x000000002000009a        0x2 ./Debug/debug.o
 .sbss.p_us     0x000000002000009c        0x1 ./Debug/debug.o
 *fill*         0x000000002000009d        0x3 
 .sbss.__malloc_free_list
                0x00000000200000a0        0x4 /usr/share/MRS2/MRS-linux-x64/resources/app/resources/linux/components/WCH/Toolchain/RISC-V Embedded GCC/bin/../lib/gcc/riscv-none-embed/8.2.0/../../../../riscv-none-embed/lib/rv32imac/ilp32/libg_nano.a(lib_a-nano-mallocr.o)
                0x00000000200000a0                __malloc_free_list
 .sbss.__malloc_sbrk_start
                0x00000000200000a4        0x4 /usr/share/MRS2/MRS-linux-x64/resources/app/resources/linux/components/WCH/Toolchain/RISC-V Embedded GCC/bin/../lib/gcc/riscv-none-embed/8.2.0/../../../../riscv-none-embed/lib/rv32imac/ilp32/libg_nano.a(lib_a-nano-mallocr.o)
                0x00000000200000a4                __malloc_sbrk_start
 *(.gnu.linkonce.sb.*)
 *(.bss*)
 .bss.TxBuf     0x00000000200000a8      0x800 ./User/main.o
                0x00000000200000a8                TxBuf
 *(.gnu.linkonce.b.*)
 *(COMMON*)
 COMMON         0x00000000200008a8        0x4 /usr/share/MRS2/MRS-linux-x64/resources/app/resources/linux/components/WCH/Toolchain/RISC-V Embedded GCC/bin/../lib/gcc/riscv-none-embed/8.2.0/../../../../riscv-none-embed/lib/rv32imac/ilp32/libg_nano.a(lib_a-reent.o)
                0x00000000200008a8                errno
                0x00000000200008ac                . = ALIGN (0x4)
                0x00000000200008ac                PROVIDE (_ebss = .)
                0x00000000200008ac                PROVIDE (_end = _ebss)
                [!provide]                        PROVIDE (end = .)

.stack          0x0000000020004800      0x800
                0x0000000020004800                PROVIDE (_heap_end = .)
                0x0000000020004800                . = ALIGN (0x4)
                [!provide]                        PROVIDE (_susrstack = .)
                0x0000000020005000                . = (. + __stack_size)
 *fill*         0x0000000020004800      0x800 
                0x0000000020005000                PROVIDE (_eusrstack = .)
OUTPUT(ADC_DMA.elf elf32-littleriscv)

.debug_info     0x0000000000000000     0xaf40
 .debug_info    0x0000000000000000      0xd51 ./User/ch32v10x_it.o
 .debug_info    0x0000000000000d51     0x1438 ./User/main.o
 .debug_info    0x0000000000002189      0xdb7 ./User/system_ch32v10x.o
 .debug_info    0x0000000000002f40       0x22 ./Startup/startup_ch32v10x.o
 .debug_info    0x0000000000002f62     0x1846 ./Peripheral/src/ch32v10x_adc.o
 .debug_info    0x00000000000047a8      0xbc8 ./Peripheral/src/ch32v10x_dbgmcu.o
 .debug_info    0x0000000000005370      0xec4 ./Peripheral/src/ch32v10x_dma.o
 .debug_info    0x0000000000006234     0x12e7 ./Peripheral/src/ch32v10x_gpio.o
 .debug_info    0x000000000000751b     0x139e ./Peripheral/src/ch32v10x_rcc.o
 .debug_info    0x00000000000088b9     0x1515 ./Peripheral/src/ch32v10x_usart.o
 .debug_info    0x0000000000009dce     0x1172 ./Debug/debug.o

.debug_abbrev   0x0000000000000000     0x1d56
 .debug_abbrev  0x0000000000000000      0x231 ./User/ch32v10x_it.o
 .debug_abbrev  0x0000000000000231      0x2c8 ./User/main.o
 .debug_abbrev  0x00000000000004f9      0x2c5 ./User/system_ch32v10x.o
 .debug_abbrev  0x00000000000007be       0x12 ./Startup/startup_ch32v10x.o
 .debug_abbrev  0x00000000000007d0      0x3a3 ./Peripheral/src/ch32v10x_adc.o
 .debug_abbrev  0x0000000000000b73      0x237 ./Peripheral/src/ch32v10x_dbgmcu.o
 .debug_abbrev  0x0000000000000daa      0x320 ./Peripheral/src/ch32v10x_dma.o
 .debug_abbrev  0x00000000000010ca      0x33d ./Peripheral/src/ch32v10x_gpio.o
 .debug_abbrev  0x0000000000001407      0x356 ./Peripheral/src/ch32v10x_rcc.o
 .debug_abbrev  0x000000000000175d      0x317 ./Peripheral/src/ch32v10x_usart.o
 .debug_abbrev  0x0000000000001a74      0x2e2 ./Debug/debug.o

.debug_aranges  0x0000000000000000      0x598
 .debug_aranges
                0x0000000000000000       0x28 ./User/ch32v10x_it.o
 .debug_aranges
                0x0000000000000028       0x30 ./User/main.o
 .debug_aranges
                0x0000000000000058       0x28 ./User/system_ch32v10x.o
 .debug_aranges
                0x0000000000000080       0x38 ./Startup/startup_ch32v10x.o
 .debug_aranges
                0x00000000000000b8      0x148 ./Peripheral/src/ch32v10x_adc.o
 .debug_aranges
                0x0000000000000200       0x38 ./Peripheral/src/ch32v10x_dbgmcu.o
 .debug_aranges
                0x0000000000000238       0x60 ./Peripheral/src/ch32v10x_dma.o
 .debug_aranges
                0x0000000000000298       0xa8 ./Peripheral/src/ch32v10x_gpio.o
 .debug_aranges
                0x0000000000000340      0x118 ./Peripheral/src/ch32v10x_rcc.o
 .debug_aranges
                0x0000000000000458       0xf0 ./Peripheral/src/ch32v10x_usart.o
 .debug_aranges
                0x0000000000000548       0x50 ./Debug/debug.o

.debug_ranges   0x0000000000000000      0x510
 .debug_ranges  0x0000000000000000       0x18 ./User/ch32v10x_it.o
 .debug_ranges  0x0000000000000018       0x20 ./User/main.o
 .debug_ranges  0x0000000000000038       0x38 ./User/system_ch32v10x.o
 .debug_ranges  0x0000000000000070       0x30 ./Startup/startup_ch32v10x.o
 .debug_ranges  0x00000000000000a0      0x138 ./Peripheral/src/ch32v10x_adc.o
 .debug_ranges  0x00000000000001d8       0x28 ./Peripheral/src/ch32v10x_dbgmcu.o
 .debug_ranges  0x0000000000000200       0x50 ./Peripheral/src/ch32v10x_dma.o
 .debug_ranges  0x0000000000000250       0x98 ./Peripheral/src/ch32v10x_gpio.o
 .debug_ranges  0x00000000000002e8      0x108 ./Peripheral/src/ch32v10x_rcc.o
 .debug_ranges  0x00000000000003f0       0xe0 ./Peripheral/src/ch32v10x_usart.o
 .debug_ranges  0x00000000000004d0       0x40 ./Debug/debug.o

.debug_line     0x0000000000000000     0x79fd
 .debug_line    0x0000000000000000      0x40e ./User/ch32v10x_it.o
 .debug_line    0x000000000000040e      0x8cc ./User/main.o
 .debug_line    0x0000000000000cda      0x7ea ./User/system_ch32v10x.o
 .debug_line    0x00000000000014c4      0x274 ./Startup/startup_ch32v10x.o
 .debug_line    0x0000000000001738     0x195d ./Peripheral/src/ch32v10x_adc.o
 .debug_line    0x0000000000003095      0x545 ./Peripheral/src/ch32v10x_dbgmcu.o
 .debug_line    0x00000000000035da      0xa24 ./Peripheral/src/ch32v10x_dma.o
 .debug_line    0x0000000000003ffe      0xf1d ./Peripheral/src/ch32v10x_gpio.o
 .debug_line    0x0000000000004f1b     0x121f ./Peripheral/src/ch32v10x_rcc.o
 .debug_line    0x000000000000613a     0x1011 ./Peripheral/src/ch32v10x_usart.o
 .debug_line    0x000000000000714b      0x8b2 ./Debug/debug.o

.debug_str      0x0000000000000000     0x20fd
 .debug_str     0x0000000000000000      0x7e7 ./User/ch32v10x_it.o
                                        0x856 (size before relaxing)
 .debug_str     0x00000000000007e7      0x56a ./User/main.o
                                        0xcff (size before relaxing)
 .debug_str     0x0000000000000d51      0x10c ./User/system_ch32v10x.o
                                        0x8c9 (size before relaxing)
 .debug_str     0x0000000000000e5d       0x80 ./Startup/startup_ch32v10x.o
                                         0xe5 (size before relaxing)
 .debug_str     0x0000000000000edd      0x455 ./Peripheral/src/ch32v10x_adc.o
                                        0xe1c (size before relaxing)
 .debug_str     0x0000000000001332       0xcb ./Peripheral/src/ch32v10x_dbgmcu.o
                                        0x862 (size before relaxing)
 .debug_str     0x00000000000013fd      0x161 ./Peripheral/src/ch32v10x_dma.o
                                        0xa1f (size before relaxing)
 .debug_str     0x000000000000155e      0x266 ./Peripheral/src/ch32v10x_gpio.o
                                        0xba6 (size before relaxing)
 .debug_str     0x00000000000017c4      0x3c3 ./Peripheral/src/ch32v10x_rcc.o
                                        0xca9 (size before relaxing)
 .debug_str     0x0000000000001b87      0x432 ./Peripheral/src/ch32v10x_usart.o
                                        0xd16 (size before relaxing)
 .debug_str     0x0000000000001fb9      0x144 ./Debug/debug.o
                                        0xb91 (size before relaxing)

.comment        0x0000000000000000       0x33
 .comment       0x0000000000000000       0x33 ./User/ch32v10x_it.o
                                         0x34 (size before relaxing)
 .comment       0x0000000000000033       0x34 ./User/main.o
 .comment       0x0000000000000033       0x34 ./User/system_ch32v10x.o
 .comment       0x0000000000000033       0x34 ./Peripheral/src/ch32v10x_adc.o
 .comment       0x0000000000000033       0x34 ./Peripheral/src/ch32v10x_dbgmcu.o
 .comment       0x0000000000000033       0x34 ./Peripheral/src/ch32v10x_dma.o
 .comment       0x0000000000000033       0x34 ./Peripheral/src/ch32v10x_gpio.o
 .comment       0x0000000000000033       0x34 ./Peripheral/src/ch32v10x_rcc.o
 .comment       0x0000000000000033       0x34 ./Peripheral/src/ch32v10x_usart.o
 .comment       0x0000000000000033       0x34 ./Debug/debug.o

.debug_frame    0x0000000000000000     0x13e0
 .debug_frame   0x0000000000000000       0x30 ./User/ch32v10x_it.o
 .debug_frame   0x0000000000000030       0x78 ./User/main.o
 .debug_frame   0x00000000000000a8       0x3c ./User/system_ch32v10x.o
 .debug_frame   0x00000000000000e4      0x2a4 ./Peripheral/src/ch32v10x_adc.o
 .debug_frame   0x0000000000000388       0x50 ./Peripheral/src/ch32v10x_dbgmcu.o
 .debug_frame   0x00000000000003d8       0xd8 ./Peripheral/src/ch32v10x_dma.o
 .debug_frame   0x00000000000004b0      0x15c ./Peripheral/src/ch32v10x_gpio.o
 .debug_frame   0x000000000000060c      0x224 ./Peripheral/src/ch32v10x_rcc.o
 .debug_frame   0x0000000000000830      0x1e4 ./Peripheral/src/ch32v10x_usart.o
 .debug_frame   0x0000000000000a14       0xb8 ./Debug/debug.o
 .debug_frame   0x0000000000000acc       0x54 /usr/share/MRS2/MRS-linux-x64/resources/app/resources/linux/components/WCH/Toolchain/RISC-V Embedded GCC/bin/../lib/gcc/riscv-none-embed/8.2.0/../../../../riscv-none-embed/lib/rv32imac/ilp32/libg_nano.a(lib_a-printf.o)
 .debug_frame   0x0000000000000b20       0x54 /usr/share/MRS2/MRS-linux-x64/resources/app/resources/linux/components/WCH/Toolchain/RISC-V Embedded GCC/bin/../lib/gcc/riscv-none-embed/8.2.0/../../../../riscv-none-embed/lib/rv32imac/ilp32/libg_nano.a(lib_a-puts.o)
 .debug_frame   0x0000000000000b74       0x50 /usr/share/MRS2/MRS-linux-x64/resources/app/resources/linux/components/WCH/Toolchain/RISC-V Embedded GCC/bin/../lib/gcc/riscv-none-embed/8.2.0/../../../../riscv-none-embed/lib/rv32imac/ilp32/libg_nano.a(lib_a-wbuf.o)
 .debug_frame   0x0000000000000bc4       0x3c /usr/share/MRS2/MRS-linux-x64/resources/app/resources/linux/components/WCH/Toolchain/RISC-V Embedded GCC/bin/../lib/gcc/riscv-none-embed/8.2.0/../../../../riscv-none-embed/lib/rv32imac/ilp32/libg_nano.a(lib_a-wsetup.o)
 .debug_frame   0x0000000000000c00       0x7c /usr/share/MRS2/MRS-linux-x64/resources/app/resources/linux/components/WCH/Toolchain/RISC-V Embedded GCC/bin/../lib/gcc/riscv-none-embed/8.2.0/../../../../riscv-none-embed/lib/rv32imac/ilp32/libg_nano.a(lib_a-fflush.o)
 .debug_frame   0x0000000000000c7c      0x148 /usr/share/MRS2/MRS-linux-x64/resources/app/resources/linux/components/WCH/Toolchain/RISC-V Embedded GCC/bin/../lib/gcc/riscv-none-embed/8.2.0/../../../../riscv-none-embed/lib/rv32imac/ilp32/libg_nano.a(lib_a-findfp.o)
 .debug_frame   0x0000000000000dc4       0x88 /usr/share/MRS2/MRS-linux-x64/resources/app/resources/linux/components/WCH/Toolchain/RISC-V Embedded GCC/bin/../lib/gcc/riscv-none-embed/8.2.0/../../../../riscv-none-embed/lib/rv32imac/ilp32/libg_nano.a(lib_a-fwalk.o)
 .debug_frame   0x0000000000000e4c       0x64 /usr/share/MRS2/MRS-linux-x64/resources/app/resources/linux/components/WCH/Toolchain/RISC-V Embedded GCC/bin/../lib/gcc/riscv-none-embed/8.2.0/../../../../riscv-none-embed/lib/rv32imac/ilp32/libg_nano.a(lib_a-makebuf.o)
 .debug_frame   0x0000000000000eb0       0x40 /usr/share/MRS2/MRS-linux-x64/resources/app/resources/linux/components/WCH/Toolchain/RISC-V Embedded GCC/bin/../lib/gcc/riscv-none-embed/8.2.0/../../../../riscv-none-embed/lib/rv32imac/ilp32/libg_nano.a(lib_a-nano-freer.o)
 .debug_frame   0x0000000000000ef0       0x40 /usr/share/MRS2/MRS-linux-x64/resources/app/resources/linux/components/WCH/Toolchain/RISC-V Embedded GCC/bin/../lib/gcc/riscv-none-embed/8.2.0/../../../../riscv-none-embed/lib/rv32imac/ilp32/libg_nano.a(lib_a-nano-mallocr.o)
 .debug_frame   0x0000000000000f30       0xd0 /usr/share/MRS2/MRS-linux-x64/resources/app/resources/linux/components/WCH/Toolchain/RISC-V Embedded GCC/bin/../lib/gcc/riscv-none-embed/8.2.0/../../../../riscv-none-embed/lib/rv32imac/ilp32/libg_nano.a(lib_a-nano-vfprintf.o)
 .debug_frame   0x0000000000001000       0x8c /usr/share/MRS2/MRS-linux-x64/resources/app/resources/linux/components/WCH/Toolchain/RISC-V Embedded GCC/bin/../lib/gcc/riscv-none-embed/8.2.0/../../../../riscv-none-embed/lib/rv32imac/ilp32/libg_nano.a(lib_a-nano-vfprintf_i.o)
 .debug_frame   0x000000000000108c       0x30 /usr/share/MRS2/MRS-linux-x64/resources/app/resources/linux/components/WCH/Toolchain/RISC-V Embedded GCC/bin/../lib/gcc/riscv-none-embed/8.2.0/../../../../riscv-none-embed/lib/rv32imac/ilp32/libg_nano.a(lib_a-sbrkr.o)
 .debug_frame   0x00000000000010bc       0xa4 /usr/share/MRS2/MRS-linux-x64/resources/app/resources/linux/components/WCH/Toolchain/RISC-V Embedded GCC/bin/../lib/gcc/riscv-none-embed/8.2.0/../../../../riscv-none-embed/lib/rv32imac/ilp32/libg_nano.a(lib_a-stdio.o)
 .debug_frame   0x0000000000001160       0x30 /usr/share/MRS2/MRS-linux-x64/resources/app/resources/linux/components/WCH/Toolchain/RISC-V Embedded GCC/bin/../lib/gcc/riscv-none-embed/8.2.0/../../../../riscv-none-embed/lib/rv32imac/ilp32/libg_nano.a(lib_a-writer.o)
 .debug_frame   0x0000000000001190       0x30 /usr/share/MRS2/MRS-linux-x64/resources/app/resources/linux/components/WCH/Toolchain/RISC-V Embedded GCC/bin/../lib/gcc/riscv-none-embed/8.2.0/../../../../riscv-none-embed/lib/rv32imac/ilp32/libg_nano.a(lib_a-closer.o)
 .debug_frame   0x00000000000011c0       0x30 /usr/share/MRS2/MRS-linux-x64/resources/app/resources/linux/components/WCH/Toolchain/RISC-V Embedded GCC/bin/../lib/gcc/riscv-none-embed/8.2.0/../../../../riscv-none-embed/lib/rv32imac/ilp32/libg_nano.a(lib_a-fstatr.o)
 .debug_frame   0x00000000000011f0       0x30 /usr/share/MRS2/MRS-linux-x64/resources/app/resources/linux/components/WCH/Toolchain/RISC-V Embedded GCC/bin/../lib/gcc/riscv-none-embed/8.2.0/../../../../riscv-none-embed/lib/rv32imac/ilp32/libg_nano.a(lib_a-isattyr.o)
 .debug_frame   0x0000000000001220       0x30 /usr/share/MRS2/MRS-linux-x64/resources/app/resources/linux/components/WCH/Toolchain/RISC-V Embedded GCC/bin/../lib/gcc/riscv-none-embed/8.2.0/../../../../riscv-none-embed/lib/rv32imac/ilp32/libg_nano.a(lib_a-lseekr.o)
 .debug_frame   0x0000000000001250       0x20 /usr/share/MRS2/MRS-linux-x64/resources/app/resources/linux/components/WCH/Toolchain/RISC-V Embedded GCC/bin/../lib/gcc/riscv-none-embed/8.2.0/../../../../riscv-none-embed/lib/rv32imac/ilp32/libg_nano.a(lib_a-memchr.o)
 .debug_frame   0x0000000000001270       0x30 /usr/share/MRS2/MRS-linux-x64/resources/app/resources/linux/components/WCH/Toolchain/RISC-V Embedded GCC/bin/../lib/gcc/riscv-none-embed/8.2.0/../../../../riscv-none-embed/lib/rv32imac/ilp32/libg_nano.a(lib_a-mlock.o)
 .debug_frame   0x00000000000012a0       0x30 /usr/share/MRS2/MRS-linux-x64/resources/app/resources/linux/components/WCH/Toolchain/RISC-V Embedded GCC/bin/../lib/gcc/riscv-none-embed/8.2.0/../../../../riscv-none-embed/lib/rv32imac/ilp32/libg_nano.a(lib_a-readr.o)
 .debug_frame   0x00000000000012d0       0x70 /usr/share/MRS2/MRS-linux-x64/resources/app/resources/linux/components/WCH/Toolchain/RISC-V Embedded GCC/bin/../lib/gcc/riscv-none-embed/8.2.0/../../../../riscv-none-embed/lib/rv32imac/ilp32/libg_nano.a(lib_a-reent.o)
 .debug_frame   0x0000000000001340       0x20 /usr/share/MRS2/MRS-linux-x64/resources/app/resources/linux/components/WCH/Toolchain/RISC-V Embedded GCC/bin/../lib/gcc/riscv-none-embed/8.2.0/../../../../riscv-none-embed/lib/rv32imac/ilp32/libnosys.a(close.o)
 .debug_frame   0x0000000000001360       0x20 /usr/share/MRS2/MRS-linux-x64/resources/app/resources/linux/components/WCH/Toolchain/RISC-V Embedded GCC/bin/../lib/gcc/riscv-none-embed/8.2.0/../../../../riscv-none-embed/lib/rv32imac/ilp32/libnosys.a(fstat.o)
 .debug_frame   0x0000000000001380       0x20 /usr/share/MRS2/MRS-linux-x64/resources/app/resources/linux/components/WCH/Toolchain/RISC-V Embedded GCC/bin/../lib/gcc/riscv-none-embed/8.2.0/../../../../riscv-none-embed/lib/rv32imac/ilp32/libnosys.a(isatty.o)
 .debug_frame   0x00000000000013a0       0x20 /usr/share/MRS2/MRS-linux-x64/resources/app/resources/linux/components/WCH/Toolchain/RISC-V Embedded GCC/bin/../lib/gcc/riscv-none-embed/8.2.0/../../../../riscv-none-embed/lib/rv32imac/ilp32/libnosys.a(lseek.o)
 .debug_frame   0x00000000000013c0       0x20 /usr/share/MRS2/MRS-linux-x64/resources/app/resources/linux/components/WCH/Toolchain/RISC-V Embedded GCC/bin/../lib/gcc/riscv-none-embed/8.2.0/../../../../riscv-none-embed/lib/rv32imac/ilp32/libnosys.a(read.o)

.debug_loc      0x0000000000000000     0x2350
 .debug_loc     0x0000000000000000       0xb8 ./User/system_ch32v10x.o
 .debug_loc     0x00000000000000b8      0xa59 ./Peripheral/src/ch32v10x_adc.o
 .debug_loc     0x0000000000000b11       0x88 ./Peripheral/src/ch32v10x_dbgmcu.o
 .debug_loc     0x0000000000000b99      0x183 ./Peripheral/src/ch32v10x_dma.o
 .debug_loc     0x0000000000000d1c      0x643 ./Peripheral/src/ch32v10x_gpio.o
 .debug_loc     0x000000000000135f      0x761 ./Peripheral/src/ch32v10x_rcc.o
 .debug_loc     0x0000000000001ac0      0x72e ./Peripheral/src/ch32v10x_usart.o
 .debug_loc     0x00000000000021ee      0x162 ./Debug/debug.o

.stab           0x0000000000000000       0x84
 .stab          0x0000000000000000       0x24 /usr/share/MRS2/MRS-linux-x64/resources/app/resources/linux/components/WCH/Toolchain/RISC-V Embedded GCC/bin/../lib/gcc/riscv-none-embed/8.2.0/../../../../riscv-none-embed/lib/rv32imac/ilp32/libnosys.a(close.o)
 .stab          0x0000000000000024       0x18 /usr/share/MRS2/MRS-linux-x64/resources/app/resources/linux/components/WCH/Toolchain/RISC-V Embedded GCC/bin/../lib/gcc/riscv-none-embed/8.2.0/../../../../riscv-none-embed/lib/rv32imac/ilp32/libnosys.a(fstat.o)
                                         0x24 (size before relaxing)
 .stab          0x000000000000003c       0x18 /usr/share/MRS2/MRS-linux-x64/resources/app/resources/linux/components/WCH/Toolchain/RISC-V Embedded GCC/bin/../lib/gcc/riscv-none-embed/8.2.0/../../../../riscv-none-embed/lib/rv32imac/ilp32/libnosys.a(isatty.o)
                                         0x24 (size before relaxing)
 .stab          0x0000000000000054       0x18 /usr/share/MRS2/MRS-linux-x64/resources/app/resources/linux/components/WCH/Toolchain/RISC-V Embedded GCC/bin/../lib/gcc/riscv-none-embed/8.2.0/../../../../riscv-none-embed/lib/rv32imac/ilp32/libnosys.a(lseek.o)
                                         0x24 (size before relaxing)
 .stab          0x000000000000006c       0x18 /usr/share/MRS2/MRS-linux-x64/resources/app/resources/linux/components/WCH/Toolchain/RISC-V Embedded GCC/bin/../lib/gcc/riscv-none-embed/8.2.0/../../../../riscv-none-embed/lib/rv32imac/ilp32/libnosys.a(read.o)
                                         0x24 (size before relaxing)

.stabstr        0x0000000000000000      0x117
 .stabstr       0x0000000000000000      0x117 /usr/share/MRS2/MRS-linux-x64/resources/app/resources/linux/components/WCH/Toolchain/RISC-V Embedded GCC/bin/../lib/gcc/riscv-none-embed/8.2.0/../../../../riscv-none-embed/lib/rv32imac/ilp32/libnosys.a(close.o)
